<?xml version="1.0" encoding="UTF-8"?>
<TestRun id="2d03a8ad-3d56-4d4e-b89c-f47475ecbb3d" name="darryl@TRADER 2012-03-31 17:00:23" runUser="TRADER\darryl" xmlns="http://microsoft.com/schemas/VisualStudio/TeamTest/2010">
  <TestSettings name="Local" id="e3187d78-b5e1-443a-af98-dc072e6307c5">
    <Description>These are default test settings for a local test run.</Description>
    <Deployment enabled="false" runDeploymentRoot="darryl_TRADER 2012-03-31 17_00_23">
      <DeploymentItem filename="C:\Users\darryl\TracerBullet\src\Infrastructure\bin\Debug\OzarkRecovery.Infrastructure.dll" />
      <DeploymentItem filename="C:\Users\darryl\TracerBullet\packages\structuremap.2.6.3\lib\StructureMap.dll" />
      <DeploymentItem filename="C:\Users\darryl\TracerBullet\src\Core\bin\Debug\OzarkRecovery.Core.dll" />
    </Deployment>
    <Execution>
      <TestTypeSpecific />
      <AgentRule name="Execution Agents">
      </AgentRule>
    </Execution>
  </TestSettings>
  <Times creation="2012-03-31T17:00:23.1751379-05:00" queuing="2012-03-31T17:00:25.6682805-05:00" start="2012-03-31T17:00:26.4153232-05:00" finish="2012-03-31T17:37:49.2166041-05:00" />
  <ResultSummary outcome="Failed">
    <Counters total="1" executed="1" error="0" failed="1" timeout="0" aborted="0" inconclusive="0" passedButRunAborted="0" notRunnable="0" notExecuted="0" disconnected="0" warning="0" passed="0" completed="0" inProgress="0" pending="0" />
  </ResultSummary>
  <TestDefinitions>
    <UnitTest name="TestMethod1" storage="c:\users\darryl\tracerbullet\intergationtestms\bin\debug\intergationtestms.dll" id="982a5edc-ccfe-6feb-6c65-68714ae12770">
      <Execution id="a457ee8c-fc51-4067-8507-17c4211d33c1" />
      <TestMethod codeBase="C:/Users/darryl/TracerBullet/IntergationTestMS/bin/Debug/IntergationTestMS.DLL" adapterTypeName="Microsoft.VisualStudio.TestTools.TestTypes.Unit.UnitTestAdapter, Microsoft.VisualStudio.QualityTools.Tips.UnitTest.Adapter, Version=10.0.0.0, Culture=neutral, PublicKeyToken=b03f5f7f11d50a3a" className="IntergationTestMS.repoTest, IntergationTestMS, Version=1.0.0.0, Culture=neutral, PublicKeyToken=null" name="TestMethod1" />
    </UnitTest>
  </TestDefinitions>
  <TestLists>
    <TestList name="Results Not in a List" id="8c84fa94-04c1-424b-9868-57a2d4851a1d" />
    <TestList name="All Loaded Results" id="19431567-8539-422a-85d7-44ee4e166bda" />
  </TestLists>
  <TestEntries>
    <TestEntry testId="982a5edc-ccfe-6feb-6c65-68714ae12770" executionId="a457ee8c-fc51-4067-8507-17c4211d33c1" testListId="8c84fa94-04c1-424b-9868-57a2d4851a1d" />
  </TestEntries>
  <Results>
    <UnitTestResult executionId="a457ee8c-fc51-4067-8507-17c4211d33c1" testId="982a5edc-ccfe-6feb-6c65-68714ae12770" testName="TestMethod1" computerName="TRADER" duration="00:37:18.7033186" startTime="2012-03-31T17:00:26.7453421-05:00" endTime="2012-03-31T17:37:47.1514860-05:00" testType="13cdc9d9-ddb5-4fa4-a97d-d965ccfc6d4b" outcome="Failed" testListId="8c84fa94-04c1-424b-9868-57a2d4851a1d" relativeResultsDirectory="a457ee8c-fc51-4067-8507-17c4211d33c1">
      <Output>
        <ErrorInfo>
          <Message>Test method IntergationTestMS.repoTest.TestMethod1 threw exception: 
System.Threading.LockRecursionException: Recursive upgradeable lock acquisitions not allowed in this mode.</Message>
          <StackTrace>    at System.Threading.ReaderWriterLockSlim.TryEnterUpgradeableReadLockCore(Int32 millisecondsTimeout)
   at System.Threading.ReaderWriterLockSlim.TryEnterUpgradeableReadLock(Int32 millisecondsTimeout)
   at System.Data.Objects.Internal.EntityProxyFactory.GetProxyType(ClrEntityType ospaceEntityType)
   at System.Data.Common.Internal.Materialization.Translator.Visit(EntityColumnMap columnMap, TranslatorArg arg)
   at System.Data.Query.InternalTrees.EntityColumnMap.Accept[TResultType,TArgType](ColumnMapVisitorWithResults`2 visitor, TArgType arg)
   at System.Data.Common.Internal.Materialization.Translator.ProcessCollectionColumnMap(CollectionColumnMap columnMap, TranslatorArg arg, ColumnMap discriminatorColumnMap, Object discriminatorValue)
   at System.Data.Common.Internal.Materialization.Translator.Visit(SimpleCollectionColumnMap columnMap, TranslatorArg arg)
   at System.Data.Query.InternalTrees.SimpleCollectionColumnMap.Accept[TResultType,TArgType](ColumnMapVisitorWithResults`2 visitor, TArgType arg)
   at System.Data.Common.Internal.Materialization.Translator.TranslateColumnMap[TRequestedType](QueryCacheManager queryCacheManager, ColumnMap columnMap, MetadataWorkspace workspace, SpanIndex spanIndex, MergeOption mergeOption, Boolean valueLayer)
   at System.Data.Common.Internal.Materialization.ShaperFactory.TypedShaperFactoryCreator`1.TypedCreate(QueryCacheManager cacheManager, ColumnMap columnMap, MetadataWorkspace metadata, SpanIndex spanInfo, MergeOption mergeOption, Boolean valueLayer)
   at System.Data.Common.Internal.Materialization.ShaperFactory.Create(Type elementType, QueryCacheManager cacheManager, ColumnMap columnMap, MetadataWorkspace metadata, SpanIndex spanInfo, MergeOption mergeOption, Boolean valueLayer)
   at System.Data.Objects.Internal.ObjectQueryExecutionPlan.Prepare(ObjectContext context, DbQueryCommandTree tree, Type elementType, MergeOption mergeOption, Span span, ReadOnlyCollection`1 compiledQueryParameters)
   at System.Data.Objects.ELinq.ELinqQueryState.GetExecutionPlan(Nullable`1 forMergeOption)
   at System.Data.Objects.ObjectQuery.ToTraceString()
   at System.Data.Entity.Internal.Linq.InternalQuery`1.ToString()
   at System.Data.Entity.Infrastructure.DbQuery`1.ToString()
</StackTrace>
        </ErrorInfo>
      </Output>
    </UnitTestResult>
  </Results>
</TestRun>